Component: ARM Compiler 6.14 Tool: armlink [5db06800]

==============================================================================

Section Cross References

    lab3_c.o(.text.main) refers to lab3_c.o(.text.LED_On) for LED_On
    lab3_c.o(.text.main) refers to lab3_c.o(.text.delay_duty_cycle) for delay_duty_cycle
    lab3_c.o(.text.main) refers to lab3_c.o(.text.LED_Off) for LED_Off
    lab3_c.o(.text.main) refers to lab3_c.o(.text.delay_relax_cycle) for delay_relax_cycle
    lab3_c.o(.text.main) refers to lab3_c.o(.text.breath_handle_status) for breath_handle_status
    lab3_c.o(.ARM.exidx.text.main) refers to lab3_c.o(.text.main) for [Anonymous Symbol]
    lab3_c.o(.ARM.exidx.text.LED_On) refers to lab3_c.o(.text.LED_On) for [Anonymous Symbol]
    lab3_c.o(.text.delay_duty_cycle) refers to lab3_c.o(.text.change_handle_status) for change_handle_status
    lab3_c.o(.text.delay_duty_cycle) refers to lab3_c.o(.data.duty_cycle_default_percent) for duty_cycle_default_percent
    lab3_c.o(.text.delay_duty_cycle) refers to lab3_c.o(.text.delay_ns) for delay_ns
    lab3_c.o(.ARM.exidx.text.delay_duty_cycle) refers to lab3_c.o(.text.delay_duty_cycle) for [Anonymous Symbol]
    lab3_c.o(.ARM.exidx.text.LED_Off) refers to lab3_c.o(.text.LED_Off) for [Anonymous Symbol]
    lab3_c.o(.text.delay_relax_cycle) refers to lab3_c.o(.text.change_handle_status) for change_handle_status
    lab3_c.o(.text.delay_relax_cycle) refers to lab3_c.o(.data.duty_cycle_default_percent) for duty_cycle_default_percent
    lab3_c.o(.text.delay_relax_cycle) refers to lab3_c.o(.text.delay_ns) for delay_ns
    lab3_c.o(.ARM.exidx.text.delay_relax_cycle) refers to lab3_c.o(.text.delay_relax_cycle) for [Anonymous Symbol]
    lab3_c.o(.text.breath_handle_status) refers to lab3_c.o(.text.breath_read_status) for breath_read_status
    lab3_c.o(.text.breath_handle_status) refers to lab3_c.o(.rodata..L__const.breath_handle_status.SinTable) for .L__const.breath_handle_status.SinTable
    lab3_c.o(.text.breath_handle_status) refers to lab3_c.o(.bss.breath_default) for breath_default
    lab3_c.o(.text.breath_handle_status) refers to lab3_c.o(.text.LED_On) for LED_On
    lab3_c.o(.text.breath_handle_status) refers to lab3_c.o(.text.breath_duty_cycle) for breath_duty_cycle
    lab3_c.o(.text.breath_handle_status) refers to lab3_c.o(.text.LED_Off) for LED_Off
    lab3_c.o(.text.breath_handle_status) refers to lab3_c.o(.text.breath_relax_cycle) for breath_relax_cycle
    lab3_c.o(.ARM.exidx.text.breath_handle_status) refers to lab3_c.o(.text.breath_handle_status) for [Anonymous Symbol]
    lab3_c.o(.ARM.exidx.text.delay_ns) refers to lab3_c.o(.text.delay_ns) for [Anonymous Symbol]
    lab3_c.o(.text.change_handle_status) refers to lab3_c.o(.text.change_read_status) for change_read_status
    lab3_c.o(.text.change_handle_status) refers to lab3_c.o(.text.increase_duty_cycle) for increase_duty_cycle
    lab3_c.o(.ARM.exidx.text.change_handle_status) refers to lab3_c.o(.text.change_handle_status) for [Anonymous Symbol]
    lab3_c.o(.ARM.exidx.text.change_read_status) refers to lab3_c.o(.text.change_read_status) for [Anonymous Symbol]
    lab3_c.o(.text.increase_duty_cycle) refers to lab3_c.o(.data.duty_cycle_default_percent) for duty_cycle_default_percent
    lab3_c.o(.ARM.exidx.text.increase_duty_cycle) refers to lab3_c.o(.text.increase_duty_cycle) for [Anonymous Symbol]
    lab3_c.o(.ARM.exidx.text.breath_read_status) refers to lab3_c.o(.text.breath_read_status) for [Anonymous Symbol]
    lab3_c.o(.text.breath_duty_cycle) refers to lab3_c.o(.bss.breath_default) for breath_default
    lab3_c.o(.text.breath_duty_cycle) refers to lab3_c.o(.text.delay_ns) for delay_ns
    lab3_c.o(.ARM.exidx.text.breath_duty_cycle) refers to lab3_c.o(.text.breath_duty_cycle) for [Anonymous Symbol]
    lab3_c.o(.text.breath_relax_cycle) refers to lab3_c.o(.bss.breath_default) for breath_default
    lab3_c.o(.text.breath_relax_cycle) refers to lab3_c.o(.text.delay_ns) for delay_ns
    lab3_c.o(.ARM.exidx.text.breath_relax_cycle) refers to lab3_c.o(.text.breath_relax_cycle) for [Anonymous Symbol]
    startup_stm32f10x_md.o(RESET) refers to startup_stm32f10x_md.o(STACK) for __initial_sp
    startup_stm32f10x_md.o(RESET) refers to startup_stm32f10x_md.o(.text) for Reset_Handler
    startup_stm32f10x_md.o(.text) refers to system_stm32f10x.o(.text.SystemInit) for SystemInit
    startup_stm32f10x_md.o(.text) refers to entry.o(.ARM.Collect$$$$00000000) for __main
    system_stm32f10x.o(.text.SystemInit) refers to system_stm32f10x.o(.text.SetSysClock) for SetSysClock
    system_stm32f10x.o(.ARM.exidx.text.SystemInit) refers to system_stm32f10x.o(.text.SystemInit) for [Anonymous Symbol]
    system_stm32f10x.o(.text.SetSysClock) refers to system_stm32f10x.o(.text.SetSysClockTo72) for SetSysClockTo72
    system_stm32f10x.o(.ARM.exidx.text.SetSysClock) refers to system_stm32f10x.o(.text.SetSysClock) for [Anonymous Symbol]
    system_stm32f10x.o(.text.SystemCoreClockUpdate) refers to system_stm32f10x.o(.data.SystemCoreClock) for SystemCoreClock
    system_stm32f10x.o(.text.SystemCoreClockUpdate) refers to system_stm32f10x.o(.rodata.AHBPrescTable) for AHBPrescTable
    system_stm32f10x.o(.ARM.exidx.text.SystemCoreClockUpdate) refers to system_stm32f10x.o(.text.SystemCoreClockUpdate) for [Anonymous Symbol]
    system_stm32f10x.o(.ARM.exidx.text.SetSysClockTo72) refers to system_stm32f10x.o(.text.SetSysClockTo72) for [Anonymous Symbol]
    entry.o(.ARM.Collect$$$$00000000) refers (Special) to entry10a.o(.ARM.Collect$$$$0000000D) for __rt_final_cpp
    entry.o(.ARM.Collect$$$$00000000) refers (Special) to entry11a.o(.ARM.Collect$$$$0000000F) for __rt_final_exit
    entry.o(.ARM.Collect$$$$00000000) refers (Special) to entry7b.o(.ARM.Collect$$$$00000008) for _main_clock
    entry.o(.ARM.Collect$$$$00000000) refers (Special) to entry8b.o(.ARM.Collect$$$$0000000A) for _main_cpp_init
    entry.o(.ARM.Collect$$$$00000000) refers (Special) to entry9a.o(.ARM.Collect$$$$0000000B) for _main_init
    entry.o(.ARM.Collect$$$$00000000) refers (Special) to entry5.o(.ARM.Collect$$$$00000004) for _main_scatterload
    entry.o(.ARM.Collect$$$$00000000) refers (Special) to entry2.o(.ARM.Collect$$$$00000001) for _main_stk
    entry2.o(.ARM.Collect$$$$00000001) refers to entry2.o(.ARM.Collect$$$$00002712) for __lit__00000000
    entry2.o(.ARM.Collect$$$$00002712) refers to startup_stm32f10x_md.o(STACK) for __initial_sp
    entry2.o(__vectab_stack_and_reset_area) refers to startup_stm32f10x_md.o(STACK) for __initial_sp
    entry2.o(__vectab_stack_and_reset_area) refers to entry.o(.ARM.Collect$$$$00000000) for __main
    entry5.o(.ARM.Collect$$$$00000004) refers to init.o(.text) for __scatterload
    entry9a.o(.ARM.Collect$$$$0000000B) refers to lab3_c.o(.text.main) for main
    entry9b.o(.ARM.Collect$$$$0000000C) refers to lab3_c.o(.text.main) for main
    init.o(.text) refers to entry5.o(.ARM.Collect$$$$00000004) for __main_after_scatterload


==============================================================================

Removing Unused input sections from the image.

    Removing lab3_c.o(.text), (0 bytes).
    Removing lab3_c.o(.ARM.exidx.text.main), (8 bytes).
    Removing lab3_c.o(.ARM.exidx.text.LED_On), (8 bytes).
    Removing lab3_c.o(.ARM.exidx.text.delay_duty_cycle), (8 bytes).
    Removing lab3_c.o(.ARM.exidx.text.LED_Off), (8 bytes).
    Removing lab3_c.o(.ARM.exidx.text.delay_relax_cycle), (8 bytes).
    Removing lab3_c.o(.ARM.exidx.text.breath_handle_status), (8 bytes).
    Removing lab3_c.o(.ARM.exidx.text.delay_ns), (8 bytes).
    Removing lab3_c.o(.ARM.exidx.text.change_handle_status), (8 bytes).
    Removing lab3_c.o(.ARM.exidx.text.change_read_status), (8 bytes).
    Removing lab3_c.o(.ARM.exidx.text.increase_duty_cycle), (8 bytes).
    Removing lab3_c.o(.ARM.exidx.text.breath_read_status), (8 bytes).
    Removing lab3_c.o(.ARM.exidx.text.breath_duty_cycle), (8 bytes).
    Removing lab3_c.o(.ARM.exidx.text.breath_relax_cycle), (8 bytes).
    Removing lab3_c.o(.ARM.use_no_argv), (4 bytes).
    Removing startup_stm32f10x_md.o(HEAP), (512 bytes).
    Removing system_stm32f10x.o(.text), (0 bytes).
    Removing system_stm32f10x.o(.ARM.exidx.text.SystemInit), (8 bytes).
    Removing system_stm32f10x.o(.ARM.exidx.text.SetSysClock), (8 bytes).
    Removing system_stm32f10x.o(.text.SystemCoreClockUpdate), (110 bytes).
    Removing system_stm32f10x.o(.ARM.exidx.text.SystemCoreClockUpdate), (8 bytes).
    Removing system_stm32f10x.o(.ARM.exidx.text.SetSysClockTo72), (8 bytes).
    Removing system_stm32f10x.o(.data.SystemCoreClock), (4 bytes).
    Removing system_stm32f10x.o(.rodata.AHBPrescTable), (16 bytes).

24 unused section(s) (total 782 bytes) removed from the image.

==============================================================================

Image Symbol Table

    Local Symbols

    Symbol Name                              Value     Ov Type        Size  Object(Section)

    ../clib/microlib/init/entry.s            0x00000000   Number         0  entry.o ABSOLUTE
    ../clib/microlib/init/entry.s            0x00000000   Number         0  entry2.o ABSOLUTE
    ../clib/microlib/init/entry.s            0x00000000   Number         0  entry5.o ABSOLUTE
    ../clib/microlib/init/entry.s            0x00000000   Number         0  entry7a.o ABSOLUTE
    ../clib/microlib/init/entry.s            0x00000000   Number         0  entry7b.o ABSOLUTE
    ../clib/microlib/init/entry.s            0x00000000   Number         0  entry8a.o ABSOLUTE
    ../clib/microlib/init/entry.s            0x00000000   Number         0  entry8b.o ABSOLUTE
    ../clib/microlib/init/entry.s            0x00000000   Number         0  entry9a.o ABSOLUTE
    ../clib/microlib/init/entry.s            0x00000000   Number         0  entry9b.o ABSOLUTE
    ../clib/microlib/init/entry.s            0x00000000   Number         0  entry10a.o ABSOLUTE
    ../clib/microlib/init/entry.s            0x00000000   Number         0  entry10b.o ABSOLUTE
    ../clib/microlib/init/entry.s            0x00000000   Number         0  entry11a.o ABSOLUTE
    ../clib/microlib/init/entry.s            0x00000000   Number         0  entry11b.o ABSOLUTE
    Lab3_c.c                                 0x00000000   Number         0  lab3_c.o ABSOLUTE
    RTE/Device/STM32F103C8/startup_stm32f10x_md.s 0x00000000   Number         0  startup_stm32f10x_md.o ABSOLUTE
    dc.s                                     0x00000000   Number         0  dc.o ABSOLUTE
    handlers.s                               0x00000000   Number         0  handlers.o ABSOLUTE
    init.s                                   0x00000000   Number         0  init.o ABSOLUTE
    system_stm32f10x.c                       0x00000000   Number         0  system_stm32f10x.o ABSOLUTE
    RESET                                    0x08000000   Section      236  startup_stm32f10x_md.o(RESET)
    .ARM.Collect$$$$00000000                 0x080000ec   Section        0  entry.o(.ARM.Collect$$$$00000000)
    .ARM.Collect$$$$00000001                 0x080000ec   Section        4  entry2.o(.ARM.Collect$$$$00000001)
    .ARM.Collect$$$$00000004                 0x080000f0   Section        4  entry5.o(.ARM.Collect$$$$00000004)
    .ARM.Collect$$$$00000008                 0x080000f4   Section        0  entry7b.o(.ARM.Collect$$$$00000008)
    .ARM.Collect$$$$0000000A                 0x080000f4   Section        0  entry8b.o(.ARM.Collect$$$$0000000A)
    .ARM.Collect$$$$0000000B                 0x080000f4   Section        8  entry9a.o(.ARM.Collect$$$$0000000B)
    __lit__00000000                          0x080000fc   Data           4  entry2.o(.ARM.Collect$$$$00002712)
    .ARM.Collect$$$$0000000D                 0x080000fc   Section        0  entry10a.o(.ARM.Collect$$$$0000000D)
    .ARM.Collect$$$$0000000F                 0x080000fc   Section        0  entry11a.o(.ARM.Collect$$$$0000000F)
    .ARM.Collect$$$$00002712                 0x080000fc   Section        4  entry2.o(.ARM.Collect$$$$00002712)
    .text                                    0x08000100   Section       36  startup_stm32f10x_md.o(.text)
    .text                                    0x08000124   Section       36  init.o(.text)
    [Anonymous Symbol]                       0x08000148   Section        0  lab3_c.o(.text.LED_Off)
    [Anonymous Symbol]                       0x08000158   Section        0  lab3_c.o(.text.LED_On)
    SetSysClock                              0x0800016d   Thumb Code     8  system_stm32f10x.o(.text.SetSysClock)
    [Anonymous Symbol]                       0x0800016c   Section        0  system_stm32f10x.o(.text.SetSysClock)
    SetSysClockTo72                          0x08000175   Thumb Code   190  system_stm32f10x.o(.text.SetSysClockTo72)
    [Anonymous Symbol]                       0x08000174   Section        0  system_stm32f10x.o(.text.SetSysClockTo72)
    [Anonymous Symbol]                       0x08000234   Section        0  system_stm32f10x.o(.text.SystemInit)
    [Anonymous Symbol]                       0x0800028c   Section        0  lab3_c.o(.text.breath_duty_cycle)
    [Anonymous Symbol]                       0x080002a4   Section        0  lab3_c.o(.text.breath_handle_status)
    [Anonymous Symbol]                       0x080002f8   Section        0  lab3_c.o(.text.breath_read_status)
    [Anonymous Symbol]                       0x08000308   Section        0  lab3_c.o(.text.breath_relax_cycle)
    [Anonymous Symbol]                       0x08000328   Section        0  lab3_c.o(.text.change_handle_status)
    [Anonymous Symbol]                       0x08000348   Section        0  lab3_c.o(.text.change_read_status)
    [Anonymous Symbol]                       0x08000358   Section        0  lab3_c.o(.text.delay_duty_cycle)
    [Anonymous Symbol]                       0x08000378   Section        0  lab3_c.o(.text.delay_ns)
    [Anonymous Symbol]                       0x08000388   Section        0  lab3_c.o(.text.delay_relax_cycle)
    [Anonymous Symbol]                       0x080003ac   Section        0  lab3_c.o(.text.increase_duty_cycle)
    [Anonymous Symbol]                       0x080003c4   Section        0  lab3_c.o(.text.main)
    i.__scatterload_copy                     0x080003fe   Section       14  handlers.o(i.__scatterload_copy)
    i.__scatterload_null                     0x0800040c   Section        2  handlers.o(i.__scatterload_null)
    i.__scatterload_zeroinit                 0x0800040e   Section       14  handlers.o(i.__scatterload_zeroinit)
    .L__const.breath_handle_status.SinTable  0x0800041c   Data         200  lab3_c.o(.rodata..L__const.breath_handle_status.SinTable)
    duty_cycle_default_percent               0x20000000   Data           4  lab3_c.o(.data.duty_cycle_default_percent)
    [Anonymous Symbol]                       0x20000000   Section        0  lab3_c.o(.data.duty_cycle_default_percent)
    breath_default                           0x20000008   Data           4  lab3_c.o(.bss.breath_default)
    [Anonymous Symbol]                       0x20000008   Section        0  lab3_c.o(.bss.breath_default)
    STACK                                    0x20000010   Section     1024  startup_stm32f10x_md.o(STACK)

    Global Symbols

    Symbol Name                              Value     Ov Type        Size  Object(Section)

    BuildAttributes$$THM_ISAv4$P$D$K$B$S$PE$A:L22UL41UL21$X:L11$S22US41US21$IEEE1$IW$~IW$USESV6$~STKCKD$USESV7$~SHL$OTIME$EBA8$MICROLIB$REQ8$PRES8$EABIv2 0x00000000   Number         0  anon$$obj.o ABSOLUTE
    __cpp_initialize__aeabi_                  - Undefined Weak Reference
    __cxa_finalize                            - Undefined Weak Reference
    __decompress                              - Undefined Weak Reference
    _clock_init                               - Undefined Weak Reference
    _microlib_exit                            - Undefined Weak Reference
    __Vectors_Size                           0x000000ec   Number         0  startup_stm32f10x_md.o ABSOLUTE
    __Vectors                                0x08000000   Data           4  startup_stm32f10x_md.o(RESET)
    __Vectors_End                            0x080000ec   Data           0  startup_stm32f10x_md.o(RESET)
    __main                                   0x080000ed   Thumb Code     0  entry.o(.ARM.Collect$$$$00000000)
    _main_stk                                0x080000ed   Thumb Code     0  entry2.o(.ARM.Collect$$$$00000001)
    _main_scatterload                        0x080000f1   Thumb Code     0  entry5.o(.ARM.Collect$$$$00000004)
    __main_after_scatterload                 0x080000f5   Thumb Code     0  entry5.o(.ARM.Collect$$$$00000004)
    _main_clock                              0x080000f5   Thumb Code     0  entry7b.o(.ARM.Collect$$$$00000008)
    _main_cpp_init                           0x080000f5   Thumb Code     0  entry8b.o(.ARM.Collect$$$$0000000A)
    _main_init                               0x080000f5   Thumb Code     0  entry9a.o(.ARM.Collect$$$$0000000B)
    __rt_final_cpp                           0x080000fd   Thumb Code     0  entry10a.o(.ARM.Collect$$$$0000000D)
    __rt_final_exit                          0x080000fd   Thumb Code     0  entry11a.o(.ARM.Collect$$$$0000000F)
    Reset_Handler                            0x08000101   Thumb Code     8  startup_stm32f10x_md.o(.text)
    NMI_Handler                              0x08000109   Thumb Code     2  startup_stm32f10x_md.o(.text)
    HardFault_Handler                        0x0800010b   Thumb Code     2  startup_stm32f10x_md.o(.text)
    MemManage_Handler                        0x0800010d   Thumb Code     2  startup_stm32f10x_md.o(.text)
    BusFault_Handler                         0x0800010f   Thumb Code     2  startup_stm32f10x_md.o(.text)
    UsageFault_Handler                       0x08000111   Thumb Code     2  startup_stm32f10x_md.o(.text)
    SVC_Handler                              0x08000113   Thumb Code     2  startup_stm32f10x_md.o(.text)
    DebugMon_Handler                         0x08000115   Thumb Code     2  startup_stm32f10x_md.o(.text)
    PendSV_Handler                           0x08000117   Thumb Code     2  startup_stm32f10x_md.o(.text)
    SysTick_Handler                          0x08000119   Thumb Code     2  startup_stm32f10x_md.o(.text)
    ADC1_2_IRQHandler                        0x0800011b   Thumb Code     0  startup_stm32f10x_md.o(.text)
    CAN1_RX1_IRQHandler                      0x0800011b   Thumb Code     0  startup_stm32f10x_md.o(.text)
    CAN1_SCE_IRQHandler                      0x0800011b   Thumb Code     0  startup_stm32f10x_md.o(.text)
    DMA1_Channel1_IRQHandler                 0x0800011b   Thumb Code     0  startup_stm32f10x_md.o(.text)
    DMA1_Channel2_IRQHandler                 0x0800011b   Thumb Code     0  startup_stm32f10x_md.o(.text)
    DMA1_Channel3_IRQHandler                 0x0800011b   Thumb Code     0  startup_stm32f10x_md.o(.text)
    DMA1_Channel4_IRQHandler                 0x0800011b   Thumb Code     0  startup_stm32f10x_md.o(.text)
    DMA1_Channel5_IRQHandler                 0x0800011b   Thumb Code     0  startup_stm32f10x_md.o(.text)
    DMA1_Channel6_IRQHandler                 0x0800011b   Thumb Code     0  startup_stm32f10x_md.o(.text)
    DMA1_Channel7_IRQHandler                 0x0800011b   Thumb Code     0  startup_stm32f10x_md.o(.text)
    EXTI0_IRQHandler                         0x0800011b   Thumb Code     0  startup_stm32f10x_md.o(.text)
    EXTI15_10_IRQHandler                     0x0800011b   Thumb Code     0  startup_stm32f10x_md.o(.text)
    EXTI1_IRQHandler                         0x0800011b   Thumb Code     0  startup_stm32f10x_md.o(.text)
    EXTI2_IRQHandler                         0x0800011b   Thumb Code     0  startup_stm32f10x_md.o(.text)
    EXTI3_IRQHandler                         0x0800011b   Thumb Code     0  startup_stm32f10x_md.o(.text)
    EXTI4_IRQHandler                         0x0800011b   Thumb Code     0  startup_stm32f10x_md.o(.text)
    EXTI9_5_IRQHandler                       0x0800011b   Thumb Code     0  startup_stm32f10x_md.o(.text)
    FLASH_IRQHandler                         0x0800011b   Thumb Code     0  startup_stm32f10x_md.o(.text)
    I2C1_ER_IRQHandler                       0x0800011b   Thumb Code     0  startup_stm32f10x_md.o(.text)
    I2C1_EV_IRQHandler                       0x0800011b   Thumb Code     0  startup_stm32f10x_md.o(.text)
    I2C2_ER_IRQHandler                       0x0800011b   Thumb Code     0  startup_stm32f10x_md.o(.text)
    I2C2_EV_IRQHandler                       0x0800011b   Thumb Code     0  startup_stm32f10x_md.o(.text)
    PVD_IRQHandler                           0x0800011b   Thumb Code     0  startup_stm32f10x_md.o(.text)
    RCC_IRQHandler                           0x0800011b   Thumb Code     0  startup_stm32f10x_md.o(.text)
    RTCAlarm_IRQHandler                      0x0800011b   Thumb Code     0  startup_stm32f10x_md.o(.text)
    RTC_IRQHandler                           0x0800011b   Thumb Code     0  startup_stm32f10x_md.o(.text)
    SPI1_IRQHandler                          0x0800011b   Thumb Code     0  startup_stm32f10x_md.o(.text)
    SPI2_IRQHandler                          0x0800011b   Thumb Code     0  startup_stm32f10x_md.o(.text)
    TAMPER_IRQHandler                        0x0800011b   Thumb Code     0  startup_stm32f10x_md.o(.text)
    TIM1_BRK_IRQHandler                      0x0800011b   Thumb Code     0  startup_stm32f10x_md.o(.text)
    TIM1_CC_IRQHandler                       0x0800011b   Thumb Code     0  startup_stm32f10x_md.o(.text)
    TIM1_TRG_COM_IRQHandler                  0x0800011b   Thumb Code     0  startup_stm32f10x_md.o(.text)
    TIM1_UP_IRQHandler                       0x0800011b   Thumb Code     0  startup_stm32f10x_md.o(.text)
    TIM2_IRQHandler                          0x0800011b   Thumb Code     0  startup_stm32f10x_md.o(.text)
    TIM3_IRQHandler                          0x0800011b   Thumb Code     0  startup_stm32f10x_md.o(.text)
    TIM4_IRQHandler                          0x0800011b   Thumb Code     0  startup_stm32f10x_md.o(.text)
    USART1_IRQHandler                        0x0800011b   Thumb Code     0  startup_stm32f10x_md.o(.text)
    USART2_IRQHandler                        0x0800011b   Thumb Code     0  startup_stm32f10x_md.o(.text)
    USART3_IRQHandler                        0x0800011b   Thumb Code     0  startup_stm32f10x_md.o(.text)
    USBWakeUp_IRQHandler                     0x0800011b   Thumb Code     0  startup_stm32f10x_md.o(.text)
    USB_HP_CAN1_TX_IRQHandler                0x0800011b   Thumb Code     0  startup_stm32f10x_md.o(.text)
    USB_LP_CAN1_RX0_IRQHandler               0x0800011b   Thumb Code     0  startup_stm32f10x_md.o(.text)
    WWDG_IRQHandler                          0x0800011b   Thumb Code     0  startup_stm32f10x_md.o(.text)
    __scatterload                            0x08000125   Thumb Code    28  init.o(.text)
    __scatterload_rt2                        0x08000125   Thumb Code     0  init.o(.text)
    LED_Off                                  0x08000149   Thumb Code    16  lab3_c.o(.text.LED_Off)
    LED_On                                   0x08000159   Thumb Code    18  lab3_c.o(.text.LED_On)
    SystemInit                               0x08000235   Thumb Code    86  system_stm32f10x.o(.text.SystemInit)
    breath_duty_cycle                        0x0800028d   Thumb Code    24  lab3_c.o(.text.breath_duty_cycle)
    breath_handle_status                     0x080002a5   Thumb Code    84  lab3_c.o(.text.breath_handle_status)
    breath_read_status                       0x080002f9   Thumb Code    16  lab3_c.o(.text.breath_read_status)
    breath_relax_cycle                       0x08000309   Thumb Code    30  lab3_c.o(.text.breath_relax_cycle)
    change_handle_status                     0x08000329   Thumb Code    30  lab3_c.o(.text.change_handle_status)
    change_read_status                       0x08000349   Thumb Code    16  lab3_c.o(.text.change_read_status)
    delay_duty_cycle                         0x08000359   Thumb Code    32  lab3_c.o(.text.delay_duty_cycle)
    delay_ns                                 0x08000379   Thumb Code    16  lab3_c.o(.text.delay_ns)
    delay_relax_cycle                        0x08000389   Thumb Code    36  lab3_c.o(.text.delay_relax_cycle)
    increase_duty_cycle                      0x080003ad   Thumb Code    24  lab3_c.o(.text.increase_duty_cycle)
    main                                     0x080003c5   Thumb Code    58  lab3_c.o(.text.main)
    __scatterload_copy                       0x080003ff   Thumb Code    14  handlers.o(i.__scatterload_copy)
    __scatterload_null                       0x0800040d   Thumb Code     2  handlers.o(i.__scatterload_null)
    __scatterload_zeroinit                   0x0800040f   Thumb Code    14  handlers.o(i.__scatterload_zeroinit)
    Region$$Table$$Base                      0x080004e4   Number         0  anon$$obj.o(Region$$Table)
    Region$$Table$$Limit                     0x08000504   Number         0  anon$$obj.o(Region$$Table)
    __initial_sp                             0x20000410   Data           0  startup_stm32f10x_md.o(STACK)



==============================================================================

Memory Map of the image

  Image Entry point : 0x080000ed

  Load Region LR_IROM1 (Base: 0x08000000, Size: 0x00000510, Max: 0x00010000, ABSOLUTE)

    Execution Region ER_IROM1 (Exec base: 0x08000000, Load base: 0x08000000, Size: 0x00000504, Max: 0x00010000, ABSOLUTE)

    Exec Addr    Load Addr    Size         Type   Attr      Idx    E Section Name        Object

    0x08000000   0x08000000   0x000000ec   Data   RO           41    RESET               startup_stm32f10x_md.o
    0x080000ec   0x080000ec   0x00000000   Code   RO           66  * .ARM.Collect$$$$00000000  mc_w.l(entry.o)
    0x080000ec   0x080000ec   0x00000004   Code   RO           69    .ARM.Collect$$$$00000001  mc_w.l(entry2.o)
    0x080000f0   0x080000f0   0x00000004   Code   RO           72    .ARM.Collect$$$$00000004  mc_w.l(entry5.o)
    0x080000f4   0x080000f4   0x00000000   Code   RO           74    .ARM.Collect$$$$00000008  mc_w.l(entry7b.o)
    0x080000f4   0x080000f4   0x00000000   Code   RO           76    .ARM.Collect$$$$0000000A  mc_w.l(entry8b.o)
    0x080000f4   0x080000f4   0x00000008   Code   RO           77    .ARM.Collect$$$$0000000B  mc_w.l(entry9a.o)
    0x080000fc   0x080000fc   0x00000000   Code   RO           79    .ARM.Collect$$$$0000000D  mc_w.l(entry10a.o)
    0x080000fc   0x080000fc   0x00000000   Code   RO           81    .ARM.Collect$$$$0000000F  mc_w.l(entry11a.o)
    0x080000fc   0x080000fc   0x00000004   Code   RO           70    .ARM.Collect$$$$00002712  mc_w.l(entry2.o)
    0x08000100   0x08000100   0x00000024   Code   RO           42    .text               startup_stm32f10x_md.o
    0x08000124   0x08000124   0x00000024   Code   RO           83    .text               mc_w.l(init.o)
    0x08000148   0x08000148   0x00000010   Code   RO            8    .text.LED_Off       lab3_c.o
    0x08000158   0x08000158   0x00000012   Code   RO            4    .text.LED_On        lab3_c.o
    0x0800016a   0x0800016a   0x00000002   PAD
    0x0800016c   0x0800016c   0x00000008   Code   RO           51    .text.SetSysClock   system_stm32f10x.o
    0x08000174   0x08000174   0x000000be   Code   RO           55    .text.SetSysClockTo72  system_stm32f10x.o
    0x08000232   0x08000232   0x00000002   PAD
    0x08000234   0x08000234   0x00000056   Code   RO           49    .text.SystemInit    system_stm32f10x.o
    0x0800028a   0x0800028a   0x00000002   PAD
    0x0800028c   0x0800028c   0x00000018   Code   RO           24    .text.breath_duty_cycle  lab3_c.o
    0x080002a4   0x080002a4   0x00000054   Code   RO           12    .text.breath_handle_status  lab3_c.o
    0x080002f8   0x080002f8   0x00000010   Code   RO           22    .text.breath_read_status  lab3_c.o
    0x08000308   0x08000308   0x0000001e   Code   RO           26    .text.breath_relax_cycle  lab3_c.o
    0x08000326   0x08000326   0x00000002   PAD
    0x08000328   0x08000328   0x0000001e   Code   RO           16    .text.change_handle_status  lab3_c.o
    0x08000346   0x08000346   0x00000002   PAD
    0x08000348   0x08000348   0x00000010   Code   RO           18    .text.change_read_status  lab3_c.o
    0x08000358   0x08000358   0x00000020   Code   RO            6    .text.delay_duty_cycle  lab3_c.o
    0x08000378   0x08000378   0x00000010   Code   RO           14    .text.delay_ns      lab3_c.o
    0x08000388   0x08000388   0x00000024   Code   RO           10    .text.delay_relax_cycle  lab3_c.o
    0x080003ac   0x080003ac   0x00000018   Code   RO           20    .text.increase_duty_cycle  lab3_c.o
    0x080003c4   0x080003c4   0x0000003a   Code   RO            2    .text.main          lab3_c.o
    0x080003fe   0x080003fe   0x0000000e   Code   RO           87    i.__scatterload_copy  mc_w.l(handlers.o)
    0x0800040c   0x0800040c   0x00000002   Code   RO           88    i.__scatterload_null  mc_w.l(handlers.o)
    0x0800040e   0x0800040e   0x0000000e   Code   RO           89    i.__scatterload_zeroinit  mc_w.l(handlers.o)
    0x0800041c   0x0800041c   0x000000c8   Data   RO           29    .rodata..L__const.breath_handle_status.SinTable  lab3_c.o
    0x080004e4   0x080004e4   0x00000020   Data   RO           86    Region$$Table       anon$$obj.o


    Execution Region RW_IRAM1 (Exec base: 0x20000000, Load base: 0x08000508, Size: 0x00000410, Max: 0x00005000, ABSOLUTE)

    Exec Addr    Load Addr    Size         Type   Attr      Idx    E Section Name        Object

    0x20000000   0x08000508   0x00000004   Data   RW           28    .data.duty_cycle_default_percent  lab3_c.o
    0x20000004   0x0800050c   0x00000004   PAD
    0x20000008        -       0x00000004   Zero   RW           30    .bss.breath_default  lab3_c.o
    0x2000000c   0x0800050c   0x00000004   PAD
    0x20000010        -       0x00000400   Zero   RW           39    STACK               startup_stm32f10x_md.o


==============================================================================

Image component sizes


      Code (inc. data)   RO Data    RW Data    ZI Data      Debug   Object Name

       400          0        200          4          4       2458   lab3_c.o
        36          8        236          0       1024        860   startup_stm32f10x_md.o
       284          0          0          0          0       2853   system_stm32f10x.o

    ----------------------------------------------------------------------
       730          8        468          4       1036       6171   Object Totals
         0          0         32          0          0          0   (incl. Generated)
        10          0          0          0          8          0   (incl. Padding)

    ----------------------------------------------------------------------

      Code (inc. data)   RO Data    RW Data    ZI Data      Debug   Library Member Name

         0          0          0          0          0          0   entry.o
         0          0          0          0          0          0   entry10a.o
         0          0          0          0          0          0   entry11a.o
         8          4          0          0          0          0   entry2.o
         4          0          0          0          0          0   entry5.o
         0          0          0          0          0          0   entry7b.o
         0          0          0          0          0          0   entry8b.o
         8          4          0          0          0          0   entry9a.o
        30          0          0          0          0          0   handlers.o
        36          8          0          0          0         68   init.o

    ----------------------------------------------------------------------
        86         16          0          0          0         68   Library Totals
         0          0          0          0          0          0   (incl. Padding)

    ----------------------------------------------------------------------

      Code (inc. data)   RO Data    RW Data    ZI Data      Debug   Library Name

        86         16          0          0          0         68   mc_w.l

    ----------------------------------------------------------------------
        86         16          0          0          0         68   Library Totals

    ----------------------------------------------------------------------

==============================================================================


      Code (inc. data)   RO Data    RW Data    ZI Data      Debug   

       816         24        468          4       1036       6375   Grand Totals
       816         24        468          4       1036       6375   ELF Image Totals
       816         24        468          4          0          0   ROM Totals

==============================================================================

    Total RO  Size (Code + RO Data)                 1284 (   1.25kB)
    Total RW  Size (RW Data + ZI Data)              1040 (   1.02kB)
    Total ROM Size (Code + RO Data + RW Data)       1288 (   1.26kB)

==============================================================================

